// Jest Snapshot v1, https://goo.gl/fbAQLP

exports[`<Info> matches snapshot 1`] = `
<div>
  <div
    class="mb-4 progress"
  >
    <div
      aria-valuemax="100"
      aria-valuemin="0"
      aria-valuenow="100"
      class="progress-bar progress-bar-animated progress-bar-striped"
      role="progressbar"
      style="width: 100%;"
    />
  </div>
</div>
`;
